// Jest Snapshot v1, https://goo.gl/fbAQLP

exports[`CategoryFilter Component matches snapshot 1`] = `
<DocumentFragment>
  <div
    class='mb-4'
  >
    <label
      class='block text-gray-700 text-sm font-bold mb-2'
      for='category'
    >
      Filter by Category:
    </label>
    <select
      class='block appearance-none w-full bg-white border border-gray-400 hover:border-gray-500 px-4 py-2 pr-8 rounded shadow leading-tight focus:outline-none focus:shadow-outline'
      id='category'
    >
      <option
        value=''
      >
        All Categories
      </option>
      <option
        value='All'
      >
        All
      </option>
      <option
        value='Jobs'
      >
        Jobs
      </option>
      <option
        value='Animals'
      >
        Animals
      </option>
    </select>
  </div>
</DocumentFragment>
`;
