// Jest Snapshot v1, https://goo.gl/fbAQLP

exports[`EntryCard Component matches snapshot 1`] = `
<DocumentFragment>
  <div
    class='max-w-sm rounded overflow-hidden shadow-lg p-4 bg-white'
  >
    <div
      class='font-bold text-xl mb-2'
    >
      The Muse
    </div>
    <p
      class='text-gray-700 text-base mb-2'
    >
      Job board and company profiles
    </p>
    <p
      class='text-gray-600 text-sm mb-2'
    >
      <strong>
        Auth:
      </strong>
       apiKey
    </p>
    <p
      class='text-gray-600 text-sm mb-2'
    >
      <strong>
        HTTPS:
      </strong>
       Yes
    </p>
    <p
      class='text-gray-600 text-sm mb-2'
    >
      <strong>
        Cors:
      </strong>
       unknown
    </p>
    <p
      class='text-gray-600 text-sm mb-2'
    >
      <strong>
        Category:
      </strong>
       Jobs
    </p>
    <a
      class='text-blue-500 hover:text-blue-700'
      href='https://www.themuse.com/developers/api/v2'
      rel='noopener noreferrer'
      target='_blank'
    >
      Visit API
    </a>
  </div>
</DocumentFragment>
`;
