// Jest Snapshot v1, https://goo.gl/fbAQLP

exports[`RandomEntryPage Component matches snapshot 1`] = `
<DocumentFragment>
  <div
    class="flex flex-col items-between"
  >
    <div
      class="flex flex-wrap justify-evenly"
    >
      <div
        class="cursor-pointer text-silver bg-customBackground hover:bg-silver hover:text-green  rounded-lg p-4 m-2 min-w-52 max-w-52 w-52 transition duration-300 ease-in-out"
      >
        <h2
          class="text-lg font-bold mt-2 elipsis-pretty"
        >
          The Muse
        </h2>
        <p
          class="text-gray-400 mb-2 text-[8px]"
        >
          Category: Jobs
        </p>
        <p
          class="text-gray-400 pb-4 text-xs"
        >
          Job board and company profiles
        </p>
        <span
          class="grid grid-cols-5 gap-1"
        >
          <p
            class="text-gray-400 pb-4 text-[8px] text-green"
          >
            HTTPS
          </p>
          <p
            class="text-gray-400 pb-4 text-[8px] col-span-2"
          >
            Cors: unknown
          </p>
          <p
            class="text-gray-400 pb-4 text-[8px] col-span-2"
          >
            AUTH: apiKey
          </p>
        </span>
      </div>
    </div>
    <button
      class="mt-4 p-2 bg-blue-500 rounded"
    >
      Get different random entry
    </button>
  </div>
</DocumentFragment>
`;
